  0.50000000000000000        1.0012650719083791     
