           1  0.49453286421992565     
           2  0.51609877784884362     
