   0.0000000000000000        4953.2965187677164     
   5.0000000000000001E-003   4950.3035962568447     
   1.0000000000000000E-002   4948.3000974871902     
   1.4999999999999999E-002   4951.4585693739573     
   2.0000000000000000E-002   4960.3238982678895     
   2.5000000000000001E-002   4974.4534443641169     
   2.9999999999999999E-002   4985.7208598680736     
   3.5000000000000003E-002   4997.5841829604315     
   4.0000000000000001E-002   5004.4125819129422     
   4.4999999999999998E-002   5009.3664134063565     
   5.0000000000000003E-002   5005.7097615883349     
   5.5000000000000000E-002   5000.9690174634570     
   5.9999999999999998E-002   4993.0650834142316     
