   0.0000000000000000        5.9462563419720757E-005
   5.0000000000000001E-003   9.1851196475025118E-006
   1.0000000000000000E-002   1.7703041702700087E-005
   1.4999999999999999E-002  -1.9555296402630208E-005
   2.0000000000000000E-002   2.3392243235234645E-006
   2.5000000000000001E-002  -2.1641504851668464E-005
   2.9999999999999999E-002  -1.9103946497970203E-005
   3.5000000000000003E-002  -1.8961504042751344E-005
   4.0000000000000001E-002   1.5474932852915819E-007
   4.4999999999999998E-002   7.9967366548998821E-006
   5.0000000000000003E-002  -8.9291025601750713E-006
   5.5000000000000000E-002   8.7472484657983572E-006
   5.9999999999999998E-002  -5.3579088013002165E-006
