   5.0000000000000003E-002  -336.35444784338398        25126.173512595524     
  0.10000000000000001       -1275.0332478707194        25118.070662938258     
  0.14999999999999999       -27.020282513804418        25109.421321434569     
  0.20000000000000001       -55.449989786577540        25098.127231573057     
  0.25000000000000000        878.49479371321866        25088.233784317403     
