   5.0000000000000003E-002  -1500.0864531804586     
  0.10000000000000001       -5688.2765208888641     
  0.14999999999999999       -120.58648893225546     
  0.20000000000000001       -247.57433576542445     
  0.25000000000000000        3923.8696578478930     
