    0.000000    0.984330    0.989458    0.982493
    0.005000    0.976624    0.984852    0.975190
    0.010000    0.960762    0.973423    0.956288
    0.015000    0.938482    0.957210    0.932171
    0.020000    0.918645    0.940736    0.909518
    0.025000    0.903484    0.926564    0.893118
    0.030000    0.895792    0.916816    0.884485
    0.035000    0.893867    0.911872    0.881869
    0.040000    0.894470    0.910703    0.882560
    0.045000    0.896858    0.912392    0.884038
    0.050000    0.897336    0.914951    0.884649
    0.055000    0.897965    0.917747    0.884057
    0.060000    0.896548    0.919423    0.882484
