    0.000000    0.954681    0.969045    0.949495
    0.005000    0.931940    0.955382    0.927922
    0.010000    0.887347    0.922453    0.874890
    0.015000    0.827992    0.877390    0.811330
    0.020000    0.777380    0.833007    0.754491
    0.025000    0.740236    0.796135    0.715707
    0.030000    0.723109    0.772166    0.697757
    0.035000    0.720399    0.761187    0.694479
    0.040000    0.723829    0.759953    0.698536
    0.045000    0.731526    0.766062    0.704085
    0.050000    0.734038    0.774352    0.706811
    0.055000    0.736508    0.782783    0.705885
    0.060000    0.733724    0.787772    0.702310
