   5.0000000000000003E-002   1.0040541874895732     
  0.10000000000000001        1.0043780857793005     
  0.14999999999999999        1.0047240598641478     
  0.20000000000000001        1.0051761829932335     
  0.25000000000000000        1.0055725703050935     
