  0.25000000000000000        3.2455618285384276     
