   5.0000000000000003E-002  -1.6948334577083308        6.0026702519000667E-003
  0.10000000000000001       -1.7029738470879174        6.0372177866437034E-003
  0.14999999999999999       -1.7098915780103021        5.9464255513872154E-003
  0.20000000000000001       -1.6602919312933069        6.0769789868202759E-003
  0.25000000000000000       -1.6926509977981270        5.9990507706745065E-003
